Script started on 2023-11-29 22:02:38-05:00
bash-4.4$ pwd
/home/areddy20/os161/asst2-part2
bash-4.4$ cd ../root/
bash-4.4$ ls -altrh
total 3.3M
drwxr-sr-x.  2 areddy20 itestudent   46 Nov 29 16:09 lib
drwxr-sr-x.  2 areddy20 itestudent  207 Nov 29 16:09 bin
drwxr-sr-x.  2 areddy20 itestudent   96 Nov 29 16:09 hostbin
drwxr-sr-x.  2 areddy20 itestudent  100 Nov 29 16:09 sbin
-rw-r--r--.  1 areddy20 itestudent 5.1M Nov 29 16:09 DISK1.img
-rw-r--r--.  1 areddy20 itestudent 5.6K Nov 29 16:09 sys161.conf
-rwxr-xr-x.  1 areddy20 itestudent 390K Nov 29 16:09 kernel-ASST0
-rw-r--r--.  1 areddy20 itestudent 5.1M Nov 29 16:09 DISK2.img
-rwxr-xr-x.  1 areddy20 itestudent 404K Nov 29 16:09 kernel-ASST1
drwxr-sr-x.  9 areddy20 itestudent  148 Nov 29 16:09 man
drwxr-sr-x.  2 areddy20 itestudent 4.0K Nov 29 19:38 testbin
drwxr-sr-x. 10 areddy20 itestudent  303 Nov 29 19:48 ..
-rwxr-xr-x.  1 areddy20 itestudent 418K Nov 29 21:55 kernel-ASST2
lrwxrwxrwx.  1 areddy20 itestudent   12 Nov 29 21:55 kernel -> kernel-ASST2
drwxr-sr-x. 12 areddy20 itestudent 4.0K Nov 29 21:55 .
drwxr-sr-x.  5 areddy20 itestudent  308 Nov 29 21:55 include
drwxr-sr-x.  2 areddy20 itestudent   50 Nov 29 21:55 hostinclude
drwxr-sr-x.  2 areddy20 itestudent   37 Nov 29 21:55 hostlib
drwx--S---.  2 areddy20 itestudent   42 Nov 29 22:01 .sockets
bash-4.4$ date
Wed Nov 29 22:02:53 EST 2023
bash-4.4$ sys161 kernel
sys161: System/161 release 2.0.8, compiled Jan 10 2022 16:03:24

OS/161 base system version 1.11
Copyright (c) 2000, 2001, 2002, 2003
   President and Fellows of Harvard College.  All rights reserved.

Aditi Reddy(AREDDY20)'s system version 0 (ASST2 #21)

Cpu is MIPS r2000/r3000
1868k physical memory available
Device probe...
lamebus0 (system main bus)
emu0 at lamebus0
ltimer0 at lamebus0
hardclock on ltimer0 (100 hz)
beep0 at ltimer0
rtclock0 at ltimer0
lrandom0 at lamebus0
random0 at lrandom0
lhd0 at lamebus0
lhd1 at lamebus0
lser0 at lamebus0
con0 at lser0
pseudorand0 (virtual)

Hello World!
VM free pages: 0
Connecting to server (null)
Opening file (null)
Loading program (null)
Received system call 0
Entering locore
Received interrupt 0
Opening device (null)
Mounting filesystem (null)
Malloc: Allocating 0 bytes
OS/161 kernel [? for menu]: ?o

OS/161 operations menu
    [s]       Shell                     [cd]      Change directory          
    [p]       Other program             [pwd]     Print current directory   
    [mount]   Mount a filesystem        [sync]    Sync filesystems          
    [unmount] Unmount a filesystem      [panic]   Intentional panic         
    [bootfs]  Set "boot" filesystem     [q]       Quit and shut down        
    [pf]      Print a file              

Operation took 0.125119560 seconds
OS/161 kernel [? for menu]: p testbin/forktest
ELF: Loading 5572 bytes to 0x400000
ELF: Loading 0 bytes to 0x4115d0
ELF: Zero-filling 12 more bytes
(program name unknown): Starting.
001111222222223333333333333333
(program name unknown): Complete.
Operation took 1.302672846 seconds
OS/161 kernel [? for menu]: p testbin/myforktest
ELF: Loading 5668 bytes to 0x400000
ELF: Loading 0 bytes to 0x411630
ELF: Zero-filling 8 more bytes
Starting PID fork test.
Hello World from my fork test!


This is the Parent PID: 16, This is the Child PID: 17Parent PID: 18, Child PIParent PID: 17, Child PI
D: 19
D: 18
Parent PID: Parent PID: 17, Child PID:Parent PID: 16, Child PID: 20
20, Child PID: 21
Parent  22
PID: 16, Child PID: 23
PID fork test complete.
Operation took 0.349563979 seconds
OS/161 kernel [? for menu]: p testbin/mypidtest
ELF: Loading 3812 bytes to 0x400000
ELF: Loading 0 bytes to 0x410ef0
ELF: Zero-filling 8 more bytes
Hello World from mypidtest!
My PID: 23
My Parent PID: 0
Operation took 0.126105751 seconds
OS/161 kernel [? for menu]: p testbin/myalltests
ELF: Loading 4500 bytes to 0x400000
ELF: Loading 0 bytes to 0x4111a0
ELF: Zero-filling 8 more bytes
Hello World from all of my tests!My Test
my pid = 23
my ppid = 0
Forking child
In parent, a child process was launched with this pid = 24
Waiting for the child to terminate using waitpid
Awake now (ignore) = -2014260032
Child process with pid = 24
Child process parent = 23
Awake now (ignore) = -2014260032
Launching testbin/add using execv with these args = add 1 2
ELF: Loading 5284 bytes to 0x400000
ELF: Loading 0 bytes to 0x4114b0
ELF: Zero-filling 8 more bytes
Answer: 3
This is the return code that the parent received 0
Operation took 3.634653904 seconds
OS/161 kernel [? for menu]: p testbin/add 10 30
Running program testbin/add failed: Out of memory

bash-4.4$ sys161 kernel
sys161: System/161 release 2.0.8, compiled Jan 10 2022 16:03:24

OS/161 base system version 1.11
Copyright (c) 2000, 2001, 2002, 2003
   President and Fellows of Harvard College.  All rights reserved.

Aditi Reddy(AREDDY20)'s system version 0 (ASST2 #21)

Cpu is MIPS r2000/r3000
1868k physical memory available
Device probe...
lamebus0 (system main bus)
emu0 at lamebus0
ltimer0 at lamebus0
hardclock on ltimer0 (100 hz)
beep0 at ltimer0
rtclock0 at ltimer0
lrandom0 at lamebus0
random0 at lrandom0
lhd0 at lamebus0
lhd1 at lamebus0
lser0 at lamebus0
con0 at lser0
pseudorand0 (virtual)

Hello World!
VM free pages: 0
Connecting to server (null)
Opening file (null)
Loading program (null)
Received system call 0
Entering locore
Received interrupt 0
Opening device (null)
Mounting filesystem (null)
Malloc: Allocating 0 bytes
OS/161 kernel [? for menu]: ?o

OS/161 operations menu
    [s]       Shell                     [cd]      Change directory          
    [p]       Other program             [pwd]     Print current directory   
    [mount]   Mount a filesystem        [sync]    Sync filesystems          
    [unmount] Unmount a filesystem      [panic]   Intentional panic         
    [bootfs]  Set "boot" filesystem     [q]       Quit and shut down        
    [pf]      Print a file              

Operation took 0.124498280 seconds
OS/161 kernel [? for menu]: p testbin/add 1 4
ELF: Loading 5284 bytes to 0x400000
ELF: Loading 0 bytes to 0x4114b0
ELF: Zero-filling 8 more bytes
Answer: 5
Operation took 0.106009318 seconds
OS/161 kernel [? for menu]: p testbin/add 5 -7
ELF: Loading 5284 bytes to 0x400000
ELF: Loading 0 bytes to 0x4114b0
ELF: Zero-filling 8 more bytes
Answer: -2
Operation took 0.106196747 seconds
OS/161 kernel [? for menu]: p testbin/argtest one two three four
ELF: Loading 3716 bytes to 0x400000
ELF: Loading 0 bytes to 0x410e90
ELF: Zero-filling 8 more bytes
argc: 5
argv[0]: testbin/argtest
argv[1]: one
argv[2]: two
argv[3]: three
argv[4]: four
argv[5]: [NULL]
Operation took 0.137734825 seconds
OS/161 kernel [? for menu]: p testbin/tictac
ELF: Loading 6388 bytes to 0x400000
ELF: Loading 0 bytes to 0x411900
ELF: Zero-filling 52 more bytes
Welcome to tic-tac-toe!
Player 1 always plays X and player 2 always play O
Good luck!


Player 1 (X), your move
Which row [0-2]: Unrecognized syscall 5

    0  1  2
 0          
 1          
 2          

Player 2 (O), your move
Which row [0-2]: Unrecognized syscall 5

    0  1  2
 0          
 1          
 2          

Player 1 (X), your move
Which row [0-2]: Unrecognized syscall 5

    0  1  2
 0          
 1          
 2          

Player 2 (O), your move
Which row [0-2]: Unrecognized syscall 5

    0  1  2
 0          
 1          
 2          

Player 1 (X), your move
Which row [0-2]: Unrecognized syscall 5

    0  1  2
 0          
 1          
 2          

Player 2 (O), your move
Which row [0-2]: Unrecognized syscall 5

    0  1  2
 0          
 1          
 2          

Player 1 (X), your move
Which row [0-2]: Unrecognized syscall 5

    0  1  2
 0          
 1          
 2          

Player 2 (O), your move
Which row [0-2]: Unrecognized syscall 5

    0  1  2
 0          
 1          
 2          

Player 1 (X), your move
Which row [0-2]: Unrecognized syscall 5

    0  1  2
 0          
 1          
 2          

Tie Game!

Do you wish to play again? [yes/no] Unrecognized syscall 5
Operation took 0.577910957 seconds
OS/161 kernel [? for menu]: quit
quit: Command not found
Menu command failed: Invalid argument
OS/161 kernel [? for menu]: q
Shutting down.
The system is halted.
sys161: 448352368121 cycles (74843148670 run, 373509219451 global-idle)
sys161:   cpu0: 2400797357 kern, 100588 user, 0 idle; 0 ll, 0/0 sc, 0 sync
sys161: 1499746 irqs 1711 exns 0r/0w disk 101r/3521w console 32r/0w/9m emufs 0r/0w net
sys161: Elapsed real time: 56.346057 seconds (7957.12 mhz)
sys161: Elapsed virtual time: 15036.438143329 seconds (25 mhz)
bash-4.4$ exit
exit

Script done on 2023-11-29 22:04:55-05:00
